<?xml version="1.0" encoding="utf-8"?><testsuites name="pytest tests"><testsuite name="pytest" errors="0" failures="0" skipped="0" tests="19" time="7.096" timestamp="2026-04-27T14:47:23.895896-03:00" hostname="Firstcard.local"><testcase classname="tests.test_auth_logic" name="test_password_hashing" time="0.756" /><testcase classname="tests.test_auth_logic" name="test_create_access_token" time="0.010" /><testcase classname="tests.test_e2e_flow" name="test_e2e_task_lifecycle" time="1.060" /><testcase classname="tests.test_filters" name="test_list_tasks_filters" time="0.770" /><testcase classname="tests.test_key_rotation" name="test_key_rotation_support" time="0.259" /><testcase classname="tests.test_models" name="test_user_model_creation" time="0.000" /><testcase classname="tests.test_models" name="test_task_model_defaults" time="0.000" /><testcase classname="tests.test_models" name="test_task_history_model" time="0.000" /><testcase classname="tests.test_password_validation" name="test_password_complexity_valid" time="0.004" /><testcase classname="tests.test_password_validation" name="test_password_complexity_invalid" time="0.001" /><testcase classname="tests.test_rate_limit" name="test_login_rate_limit" time="0.032" /><testcase classname="tests.test_schemas" name="test_task_create_validation" time="0.000" /><testcase classname="tests.test_schemas" name="test_task_update_partial" time="0.000" /><testcase classname="tests.test_soft_delete" name="test_soft_delete_flow" time="0.521" /><testcase classname="tests.test_soft_delete" name="test_delete_unauthorized" time="1.011" /><testcase classname="tests.test_tasks_api" name="test_get_task_not_found" time="0.507" /><testcase classname="tests.test_tasks_api" name="test_create_task_validation_error" time="0.504" /><testcase classname="tests.test_tasks_api" name="test_update_task_validation_error" time="0.515" /><testcase classname="tests.test_tasks_rbac" name="test_rbac_task_workflow" time="1.018" /></testsuite></testsuites>